#-----------------------------------------------------------
# Vivado v2019.1 (64-bit)
# SW Build 2552052 on Fri May 24 14:49:42 MDT 2019
# IP Build 2548770 on Fri May 24 18:01:18 MDT 2019
# Start of session at: Thu Nov 30 00:46:12 2023
# Process ID: 4460
# Current directory: C:/Users/cole_admin/AppData/Roaming/Xilinx/Vivado
# Command line: vivado.exe -gui_launcher_event rodinguilauncherevent5588
# Log file: C:/Users/cole_admin/AppData/Roaming/Xilinx/Vivado/vivado.log
# Journal file: C:/Users/cole_admin/AppData/Roaming/Xilinx/Vivado\vivado.jou
#-----------------------------------------------------------
start_gui
open_project {C:/Users/cole_admin/Desktop/School Work/CSE 100/Lab 6/Lab6/Lab6.xpr}
close [ open {C:/Users/cole_admin/Desktop/School Work/CSE 100/Lab 6/Lab6/Lab6.srcs/sources_1/new/GameState.v} w ]
add_files {{C:/Users/cole_admin/Desktop/School Work/CSE 100/Lab 6/Lab6/Lab6.srcs/sources_1/new/GameState.v}}
set_property is_enabled false [get_files  {{C:/Users/cole_admin/Desktop/School Work/CSE 100/Lab 6/Lab6/Lab6.srcs/sources_1/new/GameState.v}}]
archive_project {C:/Users/cole_admin/Desktop/School Work/CSE 100/Lab 6/Lab6_7_started gamestatemachine.xpr.zip} -temp_dir C:/Users/cole_admin/AppData/Roaming/Xilinx/Vivado/.Xil/Vivado-4460-CP -force -include_local_ip_cache -include_config_settings
